cii/year_wise: 72 years (1953..2024)
  -> 391 file links
cii/table_content: 72 years (1953..2024)
  -> 6815 file links
cii/additional_table: 75 years (1950..2024)
  -> 1828 file links
cii/table_chapter: 73 years (1950..2023)
  -> 690 file links
psi/year_wise: 30 years (1995..2024)
  -> 245 file links
psi/table_content: 30 years (1995..2024)
  -> 2237 file links
adsi/year_wise: 58 years (1967..2024)
  -> 407 file links
adsi/table_content: 75 years (1950..2024)
  -> 947 file links
adsi/additional_table: 58 years (1967..2024)
  -> 111 file links
wrote 13671 rows (13626 unique files) to catalog/catalog.csv
exit 0
